// Jest Snapshot v1, https://goo.gl/fbAQLP

exports[`renders correctly 1`] = `
<View
  style={
    Array [
      Object {
        "alignItems": "center",
        "flex": 1,
        "height": "100%",
        "justifyContent": "center",
        "position": "absolute",
        "width": "100%",
      },
      undefined,
    ]
  }
>
  <View
    accessibilityComponentType={undefined}
    accessibilityLabel={undefined}
    accessibilityTraits={undefined}
    accessible={true}
    hitSlop={undefined}
    nativeID={undefined}
    onLayout={undefined}
    onResponderGrant={[Function]}
    onResponderMove={[Function]}
    onResponderRelease={[Function]}
    onResponderTerminate={[Function]}
    onResponderTerminationRequest={[Function]}
    onStartShouldSetResponder={[Function]}
    style={
      Array [
        Object {
          "backgroundColor": "rgba(52,52,52,0.5)",
          "height": 1334,
          "position": "absolute",
          "width": 750,
        },
        undefined,
      ]
    }
    testID={undefined}
  />
  <View
    collapsable={undefined}
    style={
      Object {
        "backgroundColor": "white",
        "borderRadius": 5,
        "maxWidth": "80%",
        "padding": 10,
        "transform": Array [
          Object {
            "scale": 0.3,
          },
        ],
      }
    }
  >
    <View
      style={
        Object {
          "alignItems": "center",
          "justifyContent": "center",
          "padding": 5,
        }
      }
    >
      <ActivityIndicator
        animating={true}
        color="#999999"
        hidesWhenStopped={true}
        size="small"
      />
      <Text
        accessible={true}
        allowFontScaling={true}
        disabled={false}
        ellipsizeMode="tail"
        style={
          Array [
            Object {
              "color": "#626262",
              "fontSize": 18,
              "paddingHorizontal": 15,
              "paddingVertical": 5,
            },
            undefined,
          ]
        }
      >
        Awesome Alert
      </Text>
      <Text
        accessible={true}
        allowFontScaling={true}
        disabled={false}
        ellipsizeMode="tail"
        style={
          Array [
            Object {
              "color": "#7b7b7b",
              "fontSize": 14,
              "paddingTop": 5,
            },
            undefined,
          ]
        }
      >
        I am just a message
      </Text>
    </View>
    <View
      style={
        Object {
          "alignItems": "flex-end",
          "flexDirection": "row",
          "justifyContent": "center",
          "marginTop": 5,
        }
      }
    >
      <View
        accessibilityComponentType={undefined}
        accessibilityLabel={undefined}
        accessibilityTraits={undefined}
        accessible={true}
        collapsable={undefined}
        hitSlop={undefined}
        isTVSelectable={true}
        nativeID={undefined}
        onLayout={undefined}
        onResponderGrant={[Function]}
        onResponderMove={[Function]}
        onResponderRelease={[Function]}
        onResponderTerminate={[Function]}
        onResponderTerminationRequest={[Function]}
        onStartShouldSetResponder={[Function]}
        style={
          Object {
            "opacity": 1,
          }
        }
        testID={undefined}
        tvParallaxProperties={undefined}
      >
        <View
          style={
            Array [
              Object {
                "borderRadius": 5,
                "margin": 5,
                "paddingHorizontal": 10,
                "paddingVertical": 7,
              },
              Object {
                "backgroundColor": "#D0D0D0",
              },
              undefined,
            ]
          }
        >
          <Text
            accessible={true}
            allowFontScaling={true}
            disabled={false}
            ellipsizeMode="tail"
            style={
              Array [
                Object {
                  "color": "#fff",
                  "fontSize": 13,
                },
                undefined,
              ]
            }
          >
            Dismiss
          </Text>
        </View>
      </View>
      <View
        accessibilityComponentType={undefined}
        accessibilityLabel={undefined}
        accessibilityTraits={undefined}
        accessible={true}
        collapsable={undefined}
        hitSlop={undefined}
        isTVSelectable={true}
        nativeID={undefined}
        onLayout={undefined}
        onResponderGrant={[Function]}
        onResponderMove={[Function]}
        onResponderRelease={[Function]}
        onResponderTerminate={[Function]}
        onResponderTerminationRequest={[Function]}
        onStartShouldSetResponder={[Function]}
        style={
          Object {
            "opacity": 1,
          }
        }
        testID={undefined}
        tvParallaxProperties={undefined}
      >
        <View
          style={
            Array [
              Object {
                "borderRadius": 5,
                "margin": 5,
                "paddingHorizontal": 10,
                "paddingVertical": 7,
              },
              Object {
                "backgroundColor": "#AEDEF4",
              },
              undefined,
            ]
          }
        >
          <Text
            accessible={true}
            allowFontScaling={true}
            disabled={false}
            ellipsizeMode="tail"
            style={
              Array [
                Object {
                  "color": "#fff",
                  "fontSize": 13,
                },
                undefined,
              ]
            }
          >
            Confirm
          </Text>
        </View>
      </View>
    </View>
  </View>
</View>
`;
